#
# There is insufficient memory for the Java Runtime Environment to continue.
# Native memory allocation (malloc) failed to allocate 1048576 bytes. Error detail: AllocateHeap
# Possible reasons:
#   The system is out of physical RAM or swap space
#   This process is running with CompressedOops enabled, and the Java Heap may be blocking the growth of the native heap
# Possible solutions:
#   Reduce memory load on the system
#   Increase physical memory or swap space
#   Check if swap backing store is full
#   Decrease Java heap size (-Xmx/-Xms)
#   Decrease number of Java threads
#   Decrease Java thread stack sizes (-Xss)
#   Set larger code cache with -XX:ReservedCodeCacheSize=
#   JVM is running with Unscaled Compressed Oops mode in which the Java heap is
#     placed in the first 4GB address space. The Java Heap base address is the
#     maximum limit for the native heap growth. Please use -XX:HeapBaseMinAddress
#     to set the Java Heap base and to place the Java Heap above 4GB virtual address.
# This output file may be truncated or incomplete.
#
#  Out of Memory Error (allocation.cpp:44), pid=15296, tid=17428
#
# JRE version: OpenJDK Runtime Environment Temurin-21.0.12.1+1 (21.0.12.1+1) (build 21.0.12.1+1-LTS)
# Java VM: OpenJDK 64-Bit Server VM Temurin-21.0.12.1+1 (21.0.12.1+1-LTS, mixed mode, sharing, tiered, compressed oops, compressed class ptrs, parallel gc, windows-amd64)
# No core dump will be written. Minidumps are not enabled by default on client versions of Windows
#

---------------  S U M M A R Y ------------

Command Line: --add-modules=ALL-SYSTEM --add-opens=java.base/java.util=ALL-UNNAMED --add-opens=java.base/java.lang=ALL-UNNAMED --add-opens=java.base/sun.nio.fs=ALL-UNNAMED -Declipse.application=org.eclipse.jdt.ls.core.id1 -Dosgi.bundles.defaultStartLevel=4 -Declipse.product=org.eclipse.jdt.ls.core.product -Djava.import.generatesMetadataFilesAtProjectRoot=false -Dm2e.project.cache.size=50 -DDetectVMInstallationsJob.disabled=true -Dfile.encoding=utf8 -XX:+UseParallelGC -XX:GCTimeRatio=4 -XX:AdaptiveSizePolicyWeight=90 -Dsun.zip.disableMemoryMapping=true -Xmx2G -Xms100m -Xlog:disable -javaagent:c:\Users\ACER\.vscode\extensions\redhat.java-1.56.0-win32-x64\lombok\lombok-1.18.39-4050.jar -XX:+HeapDumpOnOutOfMemoryError -XX:HeapDumpPath=c:\Users\ACER\AppData\Roaming\Code\User\workspaceStorage\5d3f1c90388e85848945cc55d4c4b827\redhat.java -Daether.dependencyCollector.impl=bf c:\Users\ACER\.vscode\extensions\redhat.java-1.56.0-win32-x64\server\plugins\org.eclipse.equinox.launcher_1.8.0.v20260804-1928.jar -configuration c:\Users\ACER\AppData\Roaming\Code\User\globalStorage\redhat.java\1.56.0\config_win -data c:\Users\ACER\AppData\Roaming\Code\User\workspaceStorage\5d3f1c90388e85848945cc55d4c4b827\redhat.java\jdt_ws --pipe=\\.\pipe\lsp-bcda39cf16a9c5726c83097df39657f4-sock

Host: 12th Gen Intel(R) Core(TM) i7-12650H, 16 cores, 15G,  Windows 11 , 64 bit Build 26100 (10.0.26100.9444)
Time: Tue Sep 15 19:03:43 2026 SE Asia Standard Time elapsed time: 3036.537949 seconds (0d 0h 50m 36s)

---------------  T H R E A D  ---------------

Current thread (0x00000150ade71df0):  JavaThread "Attach Listener" daemon [_thread_in_vm, id=17428, stack(0x0000000472100000,0x0000000472200000) (1024K)]

Stack: [0x0000000472100000,0x0000000472200000]
Native frames: (J=compiled Java code, j=interpreted, Vv=VM code, C=native code)
V  [jvm.dll+0x6d83e9]
V  [jvm.dll+0x8b5736]
V  [jvm.dll+0x8b7cee]
V  [jvm.dll+0x8b83d3]
V  [jvm.dll+0x284596]
V  [jvm.dll+0xc13c7]
V  [jvm.dll+0x6d8c99]
V  [jvm.dll+0x133616]
V  [jvm.dll+0x3f8aae]
V  [jvm.dll+0x8600cd]
V  [jvm.dll+0x6d6c1d]
C  [ucrtbase.dll+0x2cd30]
C  [KERNEL32.DLL+0x2cd87]
C  [ntdll.dll+0xacaec]


---------------  P R O C E S S  ---------------

Threads class SMR info:
_java_thread_list=0x0000015113058730, length=50, elements={
0x00000150addc3890, 0x00000150ade663d0, 0x00000150c486d3b0, 0x00000150ade71190,
0x00000150ade71df0, 0x00000150ade766e0, 0x00000150ade79fd0, 0x0000015106c3ee40,
0x0000015106c41ca0, 0x00000150ade7a660, 0x00000150ade7c0a0, 0x00000150ade7b380,
0x00000150ade7ba10, 0x00000150ade7acf0, 0x00000150ade7c730, 0x00000150ade7cdc0,
0x00000150ade7d450, 0x00000151087635a0, 0x0000015108762f10, 0x00000151087642c0,
0x00000151087614d0, 0x0000015108767dd0, 0x0000015108766a20, 0x0000015108765d00,
0x0000015108765670, 0x00000151087670b0, 0x0000015108768460, 0x0000015108764fe0,
0x0000015108767740, 0x0000015108766390, 0x000001510ebc9db0, 0x000001510ebc9720,
0x000001510ebc9090, 0x000001510ebc8370, 0x000001510ebca440, 0x000001510ebcaad0,
0x000001510ebcb160, 0x000001510ebc7ce0, 0x000001510ebcbe80, 0x000001510ebc8a00,
0x000001511219f2f0, 0x000001511219d8b0, 0x000001510fcd26d0, 0x0000015113e80930,
0x0000015113e7e1d0, 0x000001510e60bed0, 0x000001510e6127d0, 0x000001510e610070,
0x000001510e611420, 0x0000015111056240
}

Java Threads: ( => current thread )
  0x00000150addc3890 JavaThread "main"                              [_thread_blocked, id=20272, stack(0x0000000471a00000,0x0000000471b00000) (1024K)]
  0x00000150ade663d0 JavaThread "Reference Handler"          daemon [_thread_blocked, id=13196, stack(0x0000000471e00000,0x0000000471f00000) (1024K)]
  0x00000150c486d3b0 JavaThread "Finalizer"                  daemon [_thread_blocked, id=9764, stack(0x0000000471f00000,0x0000000472000000) (1024K)]
  0x00000150ade71190 JavaThread "Signal Dispatcher"          daemon [_thread_blocked, id=21728, stack(0x0000000472000000,0x0000000472100000) (1024K)]
=>0x00000150ade71df0 JavaThread "Attach Listener"            daemon [_thread_in_vm, id=17428, stack(0x0000000472100000,0x0000000472200000) (1024K)]
  0x00000150ade766e0 JavaThread "Service Thread"             daemon [_thread_blocked, id=3124, stack(0x0000000472200000,0x0000000472300000) (1024K)]
  0x00000150ade79fd0 JavaThread "Monitor Deflation Thread"   daemon [_thread_blocked, id=11908, stack(0x0000000472300000,0x0000000472400000) (1024K)]
  0x0000015106c3ee40 JavaThread "C2 CompilerThread0"         daemon [_thread_blocked, id=20204, stack(0x0000000472400000,0x0000000472500000) (1024K)]
  0x0000015106c41ca0 JavaThread "C1 CompilerThread0"         daemon [_thread_blocked, id=20044, stack(0x0000000472500000,0x0000000472600000) (1024K)]
  0x00000150ade7a660 JavaThread "Common-Cleaner"             daemon [_thread_blocked, id=20060, stack(0x0000000472900000,0x0000000472a00000) (1024K)]
  0x00000150ade7c0a0 JavaThread "Notification Thread"        daemon [_thread_blocked, id=13840, stack(0x0000000472b00000,0x0000000472c00000) (1024K)]
  0x00000150ade7b380 JavaThread "Active Thread: Equinox Container: 6e0379f4-6e08-4d4a-8707-12646ccd55b1"        [_thread_blocked, id=14860, stack(0x0000000473400000,0x0000000473500000) (1024K)]
  0x00000150ade7ba10 JavaThread "Refresh Thread: Equinox Container: 6e0379f4-6e08-4d4a-8707-12646ccd55b1" daemon [_thread_blocked, id=19988, stack(0x0000000472600000,0x0000000472700000) (1024K)]
  0x00000150ade7acf0 JavaThread "Framework Event Dispatcher: Equinox Container: 6e0379f4-6e08-4d4a-8707-12646ccd55b1" daemon [_thread_blocked, id=22848, stack(0x0000000472700000,0x0000000472800000) (1024K)]
  0x00000150ade7c730 JavaThread "Start Level: Equinox Container: 6e0379f4-6e08-4d4a-8707-12646ccd55b1" daemon [_thread_blocked, id=3928, stack(0x0000000472800000,0x0000000472900000) (1024K)]
  0x00000150ade7cdc0 JavaThread "Bundle File Closer"         daemon [_thread_blocked, id=3156, stack(0x0000000473800000,0x0000000473900000) (1024K)]
  0x00000150ade7d450 JavaThread "SCR Component Actor"        daemon [_thread_blocked, id=20192, stack(0x0000000472a00000,0x0000000472b00000) (1024K)]
  0x00000151087635a0 JavaThread "Worker-JM"                         [_thread_blocked, id=20028, stack(0x0000000473b00000,0x0000000473c00000) (1024K)]
  0x0000015108762f10 JavaThread "JNA Cleaner"                daemon [_thread_blocked, id=17656, stack(0x0000000473900000,0x0000000473a00000) (1024K)]
  0x00000151087642c0 JavaThread "Java indexing"              daemon [_thread_blocked, id=22012, stack(0x0000000474800000,0x0000000474900000) (1024K)]
  0x00000151087614d0 JavaThread "Thread-1"                   daemon [_thread_in_native, id=3932, stack(0x0000000474a00000,0x0000000474b00000) (1024K)]
  0x0000015108767dd0 JavaThread "Thread-2"                   daemon [_thread_in_native, id=19584, stack(0x0000000474b00000,0x0000000474c00000) (1024K)]
  0x0000015108766a20 JavaThread "Thread-3"                   daemon [_thread_in_native, id=25472, stack(0x0000000474c00000,0x0000000474d00000) (1024K)]
  0x0000015108765d00 JavaThread "Thread-4"                   daemon [_thread_in_native, id=7260, stack(0x0000000474d00000,0x0000000474e00000) (1024K)]
  0x0000015108765670 JavaThread "Thread-5"                   daemon [_thread_in_native, id=18596, stack(0x0000000474e00000,0x0000000474f00000) (1024K)]
  0x00000151087670b0 JavaThread "Thread-6"                   daemon [_thread_in_native, id=21352, stack(0x0000000474f00000,0x0000000475000000) (1024K)]
  0x0000015108768460 JavaThread "Thread-7"                   daemon [_thread_in_native, id=12976, stack(0x0000000475000000,0x0000000475100000) (1024K)]
  0x0000015108764fe0 JavaThread "Thread-8"                   daemon [_thread_in_native, id=14636, stack(0x0000000475100000,0x0000000475200000) (1024K)]
  0x0000015108767740 JavaThread "Thread-9"                   daemon [_thread_in_native, id=6976, stack(0x0000000475200000,0x0000000475300000) (1024K)]
  0x0000015108766390 JavaThread "Thread-10"                  daemon [_thread_in_native, id=11964, stack(0x0000000475300000,0x0000000475400000) (1024K)]
  0x000001510ebc9db0 JavaThread "Thread-11"                  daemon [_thread_in_native, id=10540, stack(0x0000000475400000,0x0000000475500000) (1024K)]
  0x000001510ebc9720 JavaThread "Thread-12"                  daemon [_thread_in_native, id=24644, stack(0x0000000475500000,0x0000000475600000) (1024K)]
  0x000001510ebc9090 JavaThread "Thread-13"                  daemon [_thread_in_native, id=18040, stack(0x0000000475600000,0x0000000475700000) (1024K)]
  0x000001510ebc8370 JavaThread "Thread-14"                  daemon [_thread_in_native, id=23136, stack(0x0000000475700000,0x0000000475800000) (1024K)]
  0x000001510ebca440 JavaThread "Thread-15"                  daemon [_thread_in_native, id=18160, stack(0x0000000475800000,0x0000000475900000) (1024K)]
  0x000001510ebcaad0 JavaThread "Thread-16"                  daemon [_thread_in_native, id=22916, stack(0x0000000475900000,0x0000000475a00000) (1024K)]
  0x000001510ebcb160 JavaThread "Thread-17"                  daemon [_thread_in_native, id=5928, stack(0x0000000475a00000,0x0000000475b00000) (1024K)]
  0x000001510ebc7ce0 JavaThread "pool-2-thread-1"                   [_thread_blocked, id=11584, stack(0x0000000474200000,0x0000000474300000) (1024K)]
  0x000001510ebcbe80 JavaThread "WorkspaceEventsHandler"            [_thread_blocked, id=18660, stack(0x0000000476000000,0x0000000476100000) (1024K)]
  0x000001510ebc8a00 JavaThread "pool-1-thread-1"                   [_thread_blocked, id=18196, stack(0x0000000476100000,0x0000000476200000) (1024K)]
  0x000001511219f2f0 JavaThread "Worker-5"                          [_thread_blocked, id=17816, stack(0x0000000473c00000,0x0000000473d00000) (1024K)]
  0x000001511219d8b0 JavaThread "Worker-6"                          [_thread_blocked, id=23480, stack(0x0000000474000000,0x0000000474100000) (1024K)]
  0x000001510fcd26d0 JavaThread "PatternSearchJob-worker-1"  daemon [_thread_blocked, id=7924, stack(0x0000000477a00000,0x0000000477b00000) (1024K)]
  0x0000015113e80930 JavaThread "Cleaner-0"                  daemon [_thread_blocked, id=23060, stack(0x0000000477600000,0x0000000477700000) (1024K)]
  0x0000015113e7e1d0 JavaThread "PatternSearchJob-worker-3"  daemon [_thread_blocked, id=25648, stack(0x0000000471700000,0x0000000471800000) (1024K)]
  0x000001510e60bed0 JavaThread "PatternSearchJob-worker-4"  daemon [_thread_blocked, id=3720, stack(0x0000000473700000,0x0000000473800000) (1024K)]
  0x000001510e6127d0 JavaThread "PatternSearchJob-worker-5"  daemon [_thread_blocked, id=15156, stack(0x0000000477300000,0x0000000477400000) (1024K)]
  0x000001510e610070 JavaThread "PatternSearchJob-worker-6"  daemon [_thread_blocked, id=8628, stack(0x0000000478f00000,0x0000000479000000) (1024K)]
  0x000001510e611420 JavaThread "PatternSearchJob-worker-9"  daemon [_thread_blocked, id=19656, stack(0x0000000479200000,0x0000000479300000) (1024K)]
  0x0000015111056240 JavaThread "ForkJoinPool.commonPool-worker-23" daemon [_thread_blocked, id=19488, stack(0x0000000471800000,0x0000000471900000) (1024K)]
Total: 50

Other Threads:
  0x00000150c4852ca0 VMThread "VM Thread"                           [id=22104, stack(0x0000000471d00000,0x0000000471e00000) (1024K)]
  0x00000150c474ca00 WatcherThread "VM Periodic Task Thread"        [id=1620, stack(0x0000000471c00000,0x0000000471d00000) (1024K)]
  0x00000150adde0b60 WorkerThread "GC Thread#0"                     [id=19968, stack(0x0000000471b00000,0x0000000471c00000) (1024K)]
  0x000001510d03eee0 WorkerThread "GC Thread#1"                     [id=16504, stack(0x0000000472d00000,0x0000000472e00000) (1024K)]
  0x0000015108b6d4f0 WorkerThread "GC Thread#2"                     [id=19260, stack(0x0000000472e00000,0x0000000472f00000) (1024K)]
  0x000001510895bbd0 WorkerThread "GC Thread#3"                     [id=25640, stack(0x0000000472f00000,0x0000000473000000) (1024K)]
  0x000001510895bf80 WorkerThread "GC Thread#4"                     [id=18168, stack(0x0000000473000000,0x0000000473100000) (1024K)]
  0x000001510895c330 WorkerThread "GC Thread#5"                     [id=22196, stack(0x0000000473100000,0x0000000473200000) (1024K)]
  0x000001510895c6e0 WorkerThread "GC Thread#6"                     [id=18668, stack(0x0000000473200000,0x0000000473300000) (1024K)]
  0x000001510d037060 WorkerThread "GC Thread#7"                     [id=3764, stack(0x0000000473500000,0x0000000473600000) (1024K)]
  0x000001510d2f7720 WorkerThread "GC Thread#8"                     [id=21172, stack(0x0000000472c00000,0x0000000472d00000) (1024K)]
  0x0000015108954a60 WorkerThread "GC Thread#9"                     [id=20040, stack(0x0000000473300000,0x0000000473400000) (1024K)]
  0x000001510d35f4c0 WorkerThread "GC Thread#10"                    [id=11832, stack(0x0000000473600000,0x0000000473700000) (1024K)]
  0x0000015108994980 WorkerThread "GC Thread#11"                    [id=23076, stack(0x0000000473d00000,0x0000000473e00000) (1024K)]
  0x000001510d447fb0 WorkerThread "GC Thread#12"                    [id=18156, stack(0x0000000473e00000,0x0000000473f00000) (1024K)]
Total: 15

Threads with active compile tasks:
Total: 0

VM state: not at safepoint (normal execution)

VM Mutex/Monitor currently owned by a thread: None

Heap address: 0x0000000080000000, size: 2048 MB, Compressed Oops mode: 32-bit

CDS archive(s) mapped at: [0x00000150c5000000-0x00000150c5ba0000-0x00000150c5ba0000), size 12189696, SharedBaseAddress: 0x00000150c5000000, ArchiveRelocationMode: 1.
Compressed class space mapped at: 0x00000150c6000000-0x0000015106000000, reserved size: 1073741824
Narrow klass base: 0x00000150c5000000, Narrow klass shift: 0, Narrow klass range: 0x100000000

GC Precious Log:
 CardTable entry size: 512
 CPUs: 16 total, 16 available
 Memory: 16088M
 Large Page Support: Disabled
 NUMA Support: Disabled
 Compressed Oops: Enabled (32-bit)
 Alignments: Space 512K, Generation 512K, Heap 2M
 Heap Min Capacity: 100M
 Heap Initial Capacity: 100M
 Heap Max Capacity: 2G
 Pre-touch: Disabled
 Parallel Workers: 13

Heap:
 PSYoungGen      total 4096K, used 1279K [0x00000000d5580000, 0x00000000d5a80000, 0x0000000100000000)
  eden space 3072K, 23% used [0x00000000d5580000,0x00000000d5637fd0,0x00000000d5880000)
  from space 1024K, 53% used [0x00000000d5880000,0x00000000d5908000,0x00000000d5980000)
  to   space 1024K, 0% used [0x00000000d5980000,0x00000000d5980000,0x00000000d5a80000)
 ParOldGen       total 637440K, used 637065K [0x0000000080000000, 0x00000000a6e80000, 0x00000000d5580000)
  object space 637440K, 99% used [0x0000000080000000,0x00000000a6e22408,0x00000000a6e80000)
 Metaspace       used 83499K, committed 85312K, reserved 1179648K
  class space    used 8686K, committed 9472K, reserved 1048576K

Card table byte_map: [0x00000150ad780000,0x00000150adb90000] _byte_map_base: 0x00000150ad380000

Marking Bits: (ParMarkBitMap*) 0x00007ffe4a1244a0
 Begin Bits: [0x00000150c0270000, 0x00000150c2270000)
 End Bits:   [0x00000150c2270000, 0x00000150c4270000)

Polling page: 0x00000150abdc0000

Metaspace:

Usage:
  Non-class:     73.06 MB used.
      Class:      8.48 MB used.
       Both:     81.54 MB used.

Virtual space:
  Non-class space:      128.00 MB reserved,      74.06 MB ( 58%) committed,  2 nodes.
      Class space:        1.00 GB reserved,       9.25 MB ( <1%) committed,  1 nodes.
             Both:        1.12 GB reserved,      83.31 MB (  7%) committed. 

Chunk freelists:
   Non-Class:  5.47 MB
       Class:  6.61 MB
        Both:  12.08 MB

MaxMetaspaceSize: unlimited
CompressedClassSpaceSize: 1.00 GB
Initial GC threshold: 21.00 MB
Current GC threshold: 128.38 MB
CDS: on
 - commit_granule_bytes: 65536.
 - commit_granule_words: 8192.
 - virtual_space_node_default_size: 8388608.
 - enlarge_chunks_in_place: 1.
 - use_allocation_guard: 0.


Internal statistics:

num_allocs_failed_limit: 13.
num_arena_births: 1558.
num_arena_deaths: 14.
num_vsnodes_births: 3.
num_vsnodes_deaths: 0.
num_space_committed: 1333.
num_space_uncommitted: 0.
num_chunks_returned_to_freelist: 27.
num_chunks_taken_from_freelist: 5527.
num_chunk_merges: 16.
num_chunk_splits: 3349.
num_chunks_enlarged: 1838.
num_inconsistent_stats: 0.

CodeHeap 'non-profiled nmethods': size=119168Kb used=21781Kb max_used=21781Kb free=97387Kb
 bounds [0x00000150b8b60000, 0x00000150ba0b0000, 0x00000150bffc0000]
CodeHeap 'profiled nmethods': size=119104Kb used=40847Kb max_used=40847Kb free=78256Kb
 bounds [0x00000150b0fc0000, 0x00000150b37b0000, 0x00000150b8410000]
CodeHeap 'non-nmethods': size=7488Kb used=1514Kb max_used=3149Kb free=5973Kb
 bounds [0x00000150b8410000, 0x00000150b8780000, 0x00000150b8b60000]
CodeCache: size=245760Kb, used=64142Kb, max_used=65777Kb, free=181616Kb
 total_blobs=18654, nmethods=17823, adapters=734, full_count=0
Compilation: enabled, stopped_count=0, restarted_count=0

Compilation events (20 events):
Event: 1961.960 Thread 0x0000015106c3ee40 20047       4       java.lang.Math::min (46 bytes)
Event: 1961.961 Thread 0x0000015106c3ee40 nmethod 20047 0x00000150ba0a3b10 code [0x00000150ba0a3cc0, 0x00000150ba0a3d98]
Event: 2035.908 Thread 0x0000015106c41ca0 20048       3       java.util.HashMap$ValueSpliterator::characteristics (28 bytes)
Event: 2035.910 Thread 0x0000015106c41ca0 nmethod 20048 0x00000150b379dd10 code [0x00000150b379dec0, 0x00000150b379e080]
Event: 2035.910 Thread 0x0000015106c41ca0 20049       1       org.eclipse.core.internal.resources.WorkspaceRoot::getProject (2 bytes)
Event: 2035.910 Thread 0x0000015106c41ca0 nmethod 20049 0x00000150ba0a3e10 code [0x00000150ba0a3fa0, 0x00000150ba0a4070]
Event: 2035.915 Thread 0x0000015106c3ee40 20050       4       com.google.gson.stream.JsonWriter::push (47 bytes)
Event: 2035.922 Thread 0x0000015106c3ee40 nmethod 20050 0x00000150ba0a4110 code [0x00000150ba0a42a0, 0x00000150ba0a4398]
Event: 2581.825 Thread 0x0000015106c41ca0 20051       3       java.util.concurrent.ScheduledThreadPoolExecutor$DelayedWorkQueue::finishPoll (43 bytes)
Event: 2581.832 Thread 0x0000015106c41ca0 nmethod 20051 0x00000150b379e110 code [0x00000150b379e2e0, 0x00000150b379e868]
Event: 2582.998 Thread 0x0000015106c41ca0 20052       3       org.eclipse.jdt.ls.core.internal.ParentProcessWatcher::run (83 bytes)
Event: 2583.033 Thread 0x0000015106c41ca0 nmethod 20052 0x00000150b379ea10 code [0x00000150b379eca0, 0x00000150b379f730]
Event: 2583.033 Thread 0x0000015106c41ca0 20053       3       org.eclipse.jdt.ls.core.internal.ParentProcessWatcher::parentProcessStillRunning (62 bytes)
Event: 2583.037 Thread 0x0000015106c41ca0 nmethod 20053 0x00000150b379fa90 code [0x00000150b379fcc0, 0x00000150b37a03c8]
Event: 2611.831 Thread 0x0000015106c41ca0 20054   !   3       java.util.concurrent.FutureTask::runAndReset (125 bytes)
Event: 2611.884 Thread 0x0000015106c41ca0 nmethod 20054 0x00000150b37a0610 code [0x00000150b37a0a80, 0x00000150b37a2f30]
Event: 2783.707 Thread 0x0000015106c41ca0 20057       3       org.eclipse.jdt.internal.core.CompilationUnit::originalFromClone (2 bytes)
Event: 2783.712 Thread 0x0000015106c41ca0 nmethod 20057 0x00000150b37a3a90 code [0x00000150b37a3c20, 0x00000150b37a3d30]
Event: 3036.002 Thread 0x0000015106c3ee40 20058   !   4       jdk.internal.reflect.DirectConstructorHandleAccessor::newInstance (130 bytes)
Event: 3036.163 Thread 0x0000015106c3ee40 nmethod 20058 0x00000150ba0a4490 code [0x00000150ba0a4700, 0x00000150ba0a4d10]

GC Heap History (20 events):
Event: 1611.720 GC heap before
{Heap before GC invocations=1770 (full 4):
 PSYoungGen      total 2560K, used 2080K [0x00000000d5580000, 0x00000000d5a80000, 0x0000000100000000)
  eden space 1536K, 100% used [0x00000000d5580000,0x00000000d5700000,0x00000000d5700000)
  from space 1024K, 53% used [0x00000000d5700000,0x00000000d5788000,0x00000000d5800000)
  to   space 1536K, 0% used [0x00000000d5900000,0x00000000d5900000,0x00000000d5a80000)
 ParOldGen       total 630272K, used 629950K [0x0000000080000000, 0x00000000a6780000, 0x00000000d5580000)
  object space 630272K, 99% used [0x0000000080000000,0x00000000a672faa8,0x00000000a6780000)
 Metaspace       used 83476K, committed 85312K, reserved 1179648K
  class space    used 8686K, committed 9472K, reserved 1048576K
}
Event: 1611.723 GC heap after
{Heap after GC invocations=1770 (full 4):
 PSYoungGen      total 3072K, used 698K [0x00000000d5580000, 0x00000000d5a00000, 0x0000000100000000)
  eden space 2048K, 0% used [0x00000000d5580000,0x00000000d5580000,0x00000000d5780000)
  from space 1024K, 68% used [0x00000000d5900000,0x00000000d59aeb70,0x00000000d5a00000)
  to   space 1024K, 0% used [0x00000000d5800000,0x00000000d5800000,0x00000000d5900000)
 ParOldGen       total 630784K, used 630350K [0x0000000080000000, 0x00000000a6800000, 0x00000000d5580000)
  object space 630784K, 99% used [0x0000000080000000,0x00000000a6793aa8,0x00000000a6800000)
 Metaspace       used 83476K, committed 85312K, reserved 1179648K
  class space    used 8686K, committed 9472K, reserved 1048576K
}
Event: 1611.727 GC heap before
{Heap before GC invocations=1771 (full 4):
 PSYoungGen      total 3072K, used 2746K [0x00000000d5580000, 0x00000000d5a00000, 0x0000000100000000)
  eden space 2048K, 100% used [0x00000000d5580000,0x00000000d5780000,0x00000000d5780000)
  from space 1024K, 68% used [0x00000000d5900000,0x00000000d59aeb70,0x00000000d5a00000)
  to   space 1024K, 0% used [0x00000000d5800000,0x00000000d5800000,0x00000000d5900000)
 ParOldGen       total 630784K, used 630350K [0x0000000080000000, 0x00000000a6800000, 0x00000000d5580000)
  object space 630784K, 99% used [0x0000000080000000,0x00000000a6793aa8,0x00000000a6800000)
 Metaspace       used 83476K, committed 85312K, reserved 1179648K
  class space    used 8686K, committed 9472K, reserved 1048576K
}
Event: 1611.730 GC heap after
{Heap after GC invocations=1771 (full 4):
 PSYoungGen      total 3584K, used 992K [0x00000000d5580000, 0x00000000d5d00000, 0x0000000100000000)
  eden space 2560K, 0% used [0x00000000d5580000,0x00000000d5580000,0x00000000d5800000)
  from space 1024K, 96% used [0x00000000d5800000,0x00000000d58f8010,0x00000000d5900000)
  to   space 2560K, 0% used [0x00000000d5a80000,0x00000000d5a80000,0x00000000d5d00000)
 ParOldGen       total 631296K, used 631209K [0x0000000080000000, 0x00000000a6880000, 0x00000000d5580000)
  object space 631296K, 99% used [0x0000000080000000,0x00000000a686a648,0x00000000a6880000)
 Metaspace       used 83476K, committed 85312K, reserved 1179648K
  class space    used 8686K, committed 9472K, reserved 1048576K
}
Event: 1611.735 GC heap before
{Heap before GC invocations=1772 (full 4):
 PSYoungGen      total 3584K, used 3552K [0x00000000d5580000, 0x00000000d5d00000, 0x0000000100000000)
  eden space 2560K, 100% used [0x00000000d5580000,0x00000000d5800000,0x00000000d5800000)
  from space 1024K, 96% used [0x00000000d5800000,0x00000000d58f8010,0x00000000d5900000)
  to   space 2560K, 0% used [0x00000000d5a80000,0x00000000d5a80000,0x00000000d5d00000)
 ParOldGen       total 631296K, used 631209K [0x0000000080000000, 0x00000000a6880000, 0x00000000d5580000)
  object space 631296K, 99% used [0x0000000080000000,0x00000000a686a648,0x00000000a6880000)
 Metaspace       used 83478K, committed 85312K, reserved 1179648K
  class space    used 8686K, committed 9472K, reserved 1048576K
}
Event: 1611.738 GC heap after
{Heap after GC invocations=1772 (full 4):
 PSYoungGen      total 4096K, used 576K [0x00000000d5580000, 0x00000000d5b80000, 0x0000000100000000)
  eden space 3072K, 0% used [0x00000000d5580000,0x00000000d5580000,0x00000000d5880000)
  from space 1024K, 56% used [0x00000000d5a80000,0x00000000d5b10000,0x00000000d5b80000)
  to   space 1536K, 0% used [0x00000000d5880000,0x00000000d5880000,0x00000000d5a00000)
 ParOldGen       total 632320K, used 632217K [0x0000000080000000, 0x00000000a6980000, 0x00000000d5580000)
  object space 632320K, 99% used [0x0000000080000000,0x00000000a6966658,0x00000000a6980000)
 Metaspace       used 83478K, committed 85312K, reserved 1179648K
  class space    used 8686K, committed 9472K, reserved 1048576K
}
Event: 1611.750 GC heap before
{Heap before GC invocations=1773 (full 4):
 PSYoungGen      total 4096K, used 3648K [0x00000000d5580000, 0x00000000d5b80000, 0x0000000100000000)
  eden space 3072K, 100% used [0x00000000d5580000,0x00000000d5880000,0x00000000d5880000)
  from space 1024K, 56% used [0x00000000d5a80000,0x00000000d5b10000,0x00000000d5b80000)
  to   space 1536K, 0% used [0x00000000d5880000,0x00000000d5880000,0x00000000d5a00000)
 ParOldGen       total 632320K, used 632217K [0x0000000080000000, 0x00000000a6980000, 0x00000000d5580000)
  object space 632320K, 99% used [0x0000000080000000,0x00000000a6966658,0x00000000a6980000)
 Metaspace       used 83479K, committed 85312K, reserved 1179648K
  class space    used 8686K, committed 9472K, reserved 1048576K
}
Event: 1611.753 GC heap after
{Heap after GC invocations=1773 (full 4):
 PSYoungGen      total 4608K, used 602K [0x00000000d5580000, 0x00000000d5b80000, 0x0000000100000000)
  eden space 3072K, 0% used [0x00000000d5580000,0x00000000d5580000,0x00000000d5880000)
  from space 1536K, 39% used [0x00000000d5880000,0x00000000d5916900,0x00000000d5a00000)
  to   space 1024K, 0% used [0x00000000d5a80000,0x00000000d5a80000,0x00000000d5b80000)
 ParOldGen       total 632832K, used 632569K [0x0000000080000000, 0x00000000a6a00000, 0x00000000d5580000)
  object space 632832K, 99% used [0x0000000080000000,0x00000000a69be658,0x00000000a6a00000)
 Metaspace       used 83479K, committed 85312K, reserved 1179648K
  class space    used 8686K, committed 9472K, reserved 1048576K
}
Event: 1611.760 GC heap before
{Heap before GC invocations=1774 (full 4):
 PSYoungGen      total 4608K, used 3674K [0x00000000d5580000, 0x00000000d5b80000, 0x0000000100000000)
  eden space 3072K, 100% used [0x00000000d5580000,0x00000000d5880000,0x00000000d5880000)
  from space 1536K, 39% used [0x00000000d5880000,0x00000000d5916900,0x00000000d5a00000)
  to   space 1024K, 0% used [0x00000000d5a80000,0x00000000d5a80000,0x00000000d5b80000)
 ParOldGen       total 632832K, used 632569K [0x0000000080000000, 0x00000000a6a00000, 0x00000000d5580000)
  object space 632832K, 99% used [0x0000000080000000,0x00000000a69be658,0x00000000a6a00000)
 Metaspace       used 83479K, committed 85312K, reserved 1179648K
  class space    used 8686K, committed 9472K, reserved 1048576K
}
Event: 1611.764 GC heap after
{Heap after GC invocations=1774 (full 4):
 PSYoungGen      total 4096K, used 992K [0x00000000d5580000, 0x00000000d5d80000, 0x0000000100000000)
  eden space 3072K, 0% used [0x00000000d5580000,0x00000000d5580000,0x00000000d5880000)
  from space 1024K, 96% used [0x00000000d5a80000,0x00000000d5b78010,0x00000000d5b80000)
  to   space 2048K, 0% used [0x00000000d5880000,0x00000000d5880000,0x00000000d5a80000)
 ParOldGen       total 633344K, used 632982K [0x0000000080000000, 0x00000000a6a80000, 0x00000000d5580000)
  object space 633344K, 99% used [0x0000000080000000,0x00000000a6a25858,0x00000000a6a80000)
 Metaspace       used 83479K, committed 85312K, reserved 1179648K
  class space    used 8686K, committed 9472K, reserved 1048576K
}
Event: 1611.772 GC heap before
{Heap before GC invocations=1775 (full 4):
 PSYoungGen      total 4096K, used 4064K [0x00000000d5580000, 0x00000000d5d80000, 0x0000000100000000)
  eden space 3072K, 100% used [0x00000000d5580000,0x00000000d5880000,0x00000000d5880000)
  from space 1024K, 96% used [0x00000000d5a80000,0x00000000d5b78010,0x00000000d5b80000)
  to   space 2048K, 0% used [0x00000000d5880000,0x00000000d5880000,0x00000000d5a80000)
 ParOldGen       total 633344K, used 632982K [0x0000000080000000, 0x00000000a6a80000, 0x00000000d5580000)
  object space 633344K, 99% used [0x0000000080000000,0x00000000a6a25858,0x00000000a6a80000)
 Metaspace       used 83480K, committed 85312K, reserved 1179648K
  class space    used 8686K, committed 9472K, reserved 1048576K
}
Event: 1611.776 GC heap after
{Heap after GC invocations=1775 (full 4):
 PSYoungGen      total 5120K, used 1178K [0x00000000d5580000, 0x00000000d5c80000, 0x0000000100000000)
  eden space 3072K, 0% used [0x00000000d5580000,0x00000000d5580000,0x00000000d5880000)
  from space 2048K, 57% used [0x00000000d5880000,0x00000000d59a6b70,0x00000000d5a80000)
  to   space 1536K, 0% used [0x00000000d5b00000,0x00000000d5b00000,0x00000000d5c80000)
 ParOldGen       total 634368K, used 633990K [0x0000000080000000, 0x00000000a6b80000, 0x00000000d5580000)
  object space 634368K, 99% used [0x0000000080000000,0x00000000a6b21868,0x00000000a6b80000)
 Metaspace       used 83480K, committed 85312K, reserved 1179648K
  class space    used 8686K, committed 9472K, reserved 1048576K
}
Event: 1611.782 GC heap before
{Heap before GC invocations=1776 (full 4):
 PSYoungGen      total 5120K, used 4250K [0x00000000d5580000, 0x00000000d5c80000, 0x0000000100000000)
  eden space 3072K, 100% used [0x00000000d5580000,0x00000000d5880000,0x00000000d5880000)
  from space 2048K, 57% used [0x00000000d5880000,0x00000000d59a6b70,0x00000000d5a80000)
  to   space 1536K, 0% used [0x00000000d5b00000,0x00000000d5b00000,0x00000000d5c80000)
 ParOldGen       total 634368K, used 633990K [0x0000000080000000, 0x00000000a6b80000, 0x00000000d5580000)
  object space 634368K, 99% used [0x0000000080000000,0x00000000a6b21868,0x00000000a6b80000)
 Metaspace       used 83480K, committed 85312K, reserved 1179648K
  class space    used 8686K, committed 9472K, reserved 1048576K
}
Event: 1611.788 GC heap after
{Heap after GC invocations=1776 (full 4):
 PSYoungGen      total 3584K, used 1504K [0x00000000d5580000, 0x00000000d6080000, 0x0000000100000000)
  eden space 2048K, 0% used [0x00000000d5580000,0x00000000d5580000,0x00000000d5780000)
  from space 1536K, 97% used [0x00000000d5b00000,0x00000000d5c78010,0x00000000d5c80000)
  to   space 3584K, 0% used [0x00000000d5780000,0x00000000d5780000,0x00000000d5b00000)
 ParOldGen       total 635392K, used 635312K [0x0000000080000000, 0x00000000a6c80000, 0x00000000d5580000)
  object space 635392K, 99% used [0x0000000080000000,0x00000000a6c6c3f8,0x00000000a6c80000)
 Metaspace       used 83480K, committed 85312K, reserved 1179648K
  class space    used 8686K, committed 9472K, reserved 1048576K
}
Event: 1611.791 GC heap before
{Heap before GC invocations=1777 (full 4):
 PSYoungGen      total 3584K, used 3552K [0x00000000d5580000, 0x00000000d6080000, 0x0000000100000000)
  eden space 2048K, 100% used [0x00000000d5580000,0x00000000d5780000,0x00000000d5780000)
  from space 1536K, 97% used [0x00000000d5b00000,0x00000000d5c78010,0x00000000d5c80000)
  to   space 3584K, 0% used [0x00000000d5780000,0x00000000d5780000,0x00000000d5b00000)
 ParOldGen       total 635392K, used 635312K [0x0000000080000000, 0x00000000a6c80000, 0x00000000d5580000)
  object space 635392K, 99% used [0x0000000080000000,0x00000000a6c6c3f8,0x00000000a6c80000)
 Metaspace       used 83480K, committed 85312K, reserved 1179648K
  class space    used 8686K, committed 9472K, reserved 1048576K
}
Event: 1611.795 GC heap after
{Heap after GC invocations=1777 (full 4):
 PSYoungGen      total 3072K, used 608K [0x00000000d5580000, 0x00000000d5b80000, 0x0000000100000000)
  eden space 2048K, 0% used [0x00000000d5580000,0x00000000d5580000,0x00000000d5780000)
  from space 1024K, 59% used [0x00000000d5780000,0x00000000d5818000,0x00000000d5880000)
  to   space 1536K, 0% used [0x00000000d5a00000,0x00000000d5a00000,0x00000000d5b80000)
 ParOldGen       total 636928K, used 636825K [0x0000000080000000, 0x00000000a6e00000, 0x00000000d5580000)
  object space 636928K, 99% used [0x0000000080000000,0x00000000a6de6408,0x00000000a6e00000)
 Metaspace       used 83480K, committed 85312K, reserved 1179648K
  class space    used 8686K, committed 9472K, reserved 1048576K
}
Event: 1611.800 GC heap before
{Heap before GC invocations=1778 (full 4):
 PSYoungGen      total 3072K, used 2656K [0x00000000d5580000, 0x00000000d5b80000, 0x0000000100000000)
  eden space 2048K, 100% used [0x00000000d5580000,0x00000000d5780000,0x00000000d5780000)
  from space 1024K, 59% used [0x00000000d5780000,0x00000000d5818000,0x00000000d5880000)
  to   space 1536K, 0% used [0x00000000d5a00000,0x00000000d5a00000,0x00000000d5b80000)
 ParOldGen       total 636928K, used 636825K [0x0000000080000000, 0x00000000a6e00000, 0x00000000d5580000)
  object space 636928K, 99% used [0x0000000080000000,0x00000000a6de6408,0x00000000a6e00000)
 Metaspace       used 83480K, committed 85312K, reserved 1179648K
  class space    used 8686K, committed 9472K, reserved 1048576K
}
Event: 1611.802 GC heap after
{Heap after GC invocations=1778 (full 4):
 PSYoungGen      total 3072K, used 416K [0x00000000d5580000, 0x00000000d5a80000, 0x0000000100000000)
  eden space 2560K, 0% used [0x00000000d5580000,0x00000000d5580000,0x00000000d5800000)
  from space 512K, 81% used [0x00000000d5a00000,0x00000000d5a68000,0x00000000d5a80000)
  to   space 1024K, 0% used [0x00000000d5880000,0x00000000d5880000,0x00000000d5980000)
 ParOldGen       total 637440K, used 636953K [0x0000000080000000, 0x00000000a6e80000, 0x00000000d5580000)
  object space 637440K, 99% used [0x0000000080000000,0x00000000a6e06408,0x00000000a6e80000)
 Metaspace       used 83480K, committed 85312K, reserved 1179648K
  class space    used 8686K, committed 9472K, reserved 1048576K
}
Event: 2483.894 GC heap before
{Heap before GC invocations=1779 (full 4):
 PSYoungGen      total 3072K, used 2976K [0x00000000d5580000, 0x00000000d5a80000, 0x0000000100000000)
  eden space 2560K, 100% used [0x00000000d5580000,0x00000000d5800000,0x00000000d5800000)
  from space 512K, 81% used [0x00000000d5a00000,0x00000000d5a68000,0x00000000d5a80000)
  to   space 1024K, 0% used [0x00000000d5880000,0x00000000d5880000,0x00000000d5980000)
 ParOldGen       total 637440K, used 636953K [0x0000000080000000, 0x00000000a6e80000, 0x00000000d5580000)
  object space 637440K, 99% used [0x0000000080000000,0x00000000a6e06408,0x00000000a6e80000)
 Metaspace       used 83493K, committed 85312K, reserved 1179648K
  class space    used 8686K, committed 9472K, reserved 1048576K
}
Event: 2484.011 GC heap after
{Heap after GC invocations=1779 (full 4):
 PSYoungGen      total 4096K, used 544K [0x00000000d5580000, 0x00000000d5a80000, 0x0000000100000000)
  eden space 3072K, 0% used [0x00000000d5580000,0x00000000d5580000,0x00000000d5880000)
  from space 1024K, 53% used [0x00000000d5880000,0x00000000d5908000,0x00000000d5980000)
  to   space 1024K, 0% used [0x00000000d5980000,0x00000000d5980000,0x00000000d5a80000)
 ParOldGen       total 637440K, used 637065K [0x0000000080000000, 0x00000000a6e80000, 0x00000000d5580000)
  object space 637440K, 99% used [0x0000000080000000,0x00000000a6e22408,0x00000000a6e80000)
 Metaspace       used 83493K, committed 85312K, reserved 1179648K
  class space    used 8686K, committed 9472K, reserved 1048576K
}

Dll operation events (20 events):
Event: 0.070 Attempting to load shared library C:\Users\ACER\.vscode\extensions\redhat.java-1.56.0-win32-x64\jre\21.0.12.1-win32-x86_64\bin\instrument.dll
Event: 0.070 Loaded shared library C:\Users\ACER\.vscode\extensions\redhat.java-1.56.0-win32-x64\jre\21.0.12.1-win32-x86_64\bin\instrument.dll
Event: 0.074 Attempting to load shared library C:\Users\ACER\.vscode\extensions\redhat.java-1.56.0-win32-x64\jre\21.0.12.1-win32-x86_64\bin\net.dll
Event: 0.075 Loaded shared library C:\Users\ACER\.vscode\extensions\redhat.java-1.56.0-win32-x64\jre\21.0.12.1-win32-x86_64\bin\net.dll
Event: 0.076 Attempting to load shared library C:\Users\ACER\.vscode\extensions\redhat.java-1.56.0-win32-x64\jre\21.0.12.1-win32-x86_64\bin\nio.dll
Event: 0.076 Loaded shared library C:\Users\ACER\.vscode\extensions\redhat.java-1.56.0-win32-x64\jre\21.0.12.1-win32-x86_64\bin\nio.dll
Event: 0.079 Attempting to load shared library C:\Users\ACER\.vscode\extensions\redhat.java-1.56.0-win32-x64\jre\21.0.12.1-win32-x86_64\bin\zip.dll
Event: 0.079 Loaded shared library C:\Users\ACER\.vscode\extensions\redhat.java-1.56.0-win32-x64\jre\21.0.12.1-win32-x86_64\bin\zip.dll
Event: 0.091 Attempting to load shared library C:\Users\ACER\.vscode\extensions\redhat.java-1.56.0-win32-x64\jre\21.0.12.1-win32-x86_64\bin\jimage.dll
Event: 0.091 Loaded shared library C:\Users\ACER\.vscode\extensions\redhat.java-1.56.0-win32-x64\jre\21.0.12.1-win32-x86_64\bin\jimage.dll
Event: 0.138 Attempting to load shared library c:\Users\ACER\.vscode\extensions\redhat.java-1.56.0-win32-x64\jre\21.0.12.1-win32-x86_64\bin\verify.dll
Event: 0.139 Loaded shared library c:\Users\ACER\.vscode\extensions\redhat.java-1.56.0-win32-x64\jre\21.0.12.1-win32-x86_64\bin\verify.dll
Event: 4.931 Attempting to load shared library C:\Users\ACER\AppData\Roaming\Code\User\globalStorage\redhat.java\1.56.0\config_win\org.eclipse.equinox.launcher\org.eclipse.equinox.launcher.win32.win32.x86_64_1.3.100.v20260804-1928\eclipse_11924.dll
Event: 4.992 Loaded shared library C:\Users\ACER\AppData\Roaming\Code\User\globalStorage\redhat.java\1.56.0\config_win\org.eclipse.equinox.launcher\org.eclipse.equinox.launcher.win32.win32.x86_64_1.3.100.v20260804-1928\eclipse_11924.dll
Event: 18.000 Attempting to load shared library C:\Users\ACER\AppData\Local\Temp\jna-2003023\jna7819530186189175149.dll
Event: 18.097 Loaded shared library C:\Users\ACER\AppData\Local\Temp\jna-2003023\jna7819530186189175149.dll
Event: 31.557 Attempting to load shared library C:\Users\ACER\.vscode\extensions\redhat.java-1.56.0-win32-x64\jre\21.0.12.1-win32-x86_64\bin\sunmscapi.dll
Event: 31.562 Loaded shared library C:\Users\ACER\.vscode\extensions\redhat.java-1.56.0-win32-x64\jre\21.0.12.1-win32-x86_64\bin\sunmscapi.dll
Event: 32.015 Attempting to load shared library C:\Users\ACER\.vscode\extensions\redhat.java-1.56.0-win32-x64\jre\21.0.12.1-win32-x86_64\bin\extnet.dll
Event: 32.017 Loaded shared library C:\Users\ACER\.vscode\extensions\redhat.java-1.56.0-win32-x64\jre\21.0.12.1-win32-x86_64\bin\extnet.dll

Deoptimization events (20 events):
Event: 375.595 Thread 0x000001511219d8b0 DEOPT PACKING pc=0x00000150b92e9aa8 sp=0x00000004740fe890
Event: 375.595 Thread 0x000001511219d8b0 DEOPT UNPACKING pc=0x00000150b8463aa2 sp=0x00000004740fe7b0 mode 2
Event: 1606.961 Thread 0x00000151110596c0 Uncommon trap: trap_request=0xffffffd6 fr.pc=0x00000150ba07f22c relative=0x0000000000000eac
Event: 1606.961 Thread 0x00000151110596c0 Uncommon trap: reason=array_check action=maybe_recompile pc=0x00000150ba07f22c method=java.util.TimSort.mergeLo(IIII)V @ 212 c2
Event: 1606.961 Thread 0x00000151110596c0 DEOPT PACKING pc=0x00000150ba07f22c sp=0x00000004719fd4b0
Event: 1606.961 Thread 0x00000151110596c0 DEOPT UNPACKING pc=0x00000150b8463aa2 sp=0x00000004719fd470 mode 2
Event: 1606.961 Thread 0x00000151110596c0 Uncommon trap: trap_request=0xffffffd6 fr.pc=0x00000150ba07f22c relative=0x0000000000000eac
Event: 1606.961 Thread 0x00000151110596c0 Uncommon trap: reason=array_check action=maybe_recompile pc=0x00000150ba07f22c method=java.util.TimSort.mergeLo(IIII)V @ 212 c2
Event: 1606.961 Thread 0x00000151110596c0 DEOPT PACKING pc=0x00000150ba07f22c sp=0x00000004719fd610
Event: 1606.961 Thread 0x00000151110596c0 DEOPT UNPACKING pc=0x00000150b8463aa2 sp=0x00000004719fd5d0 mode 2
Event: 1609.403 Thread 0x00000151110596c0 Uncommon trap: trap_request=0xffffff45 fr.pc=0x00000150b9eaa290 relative=0x00000000000040b0
Event: 1609.403 Thread 0x00000151110596c0 Uncommon trap: reason=unstable_if action=reinterpret pc=0x00000150b9eaa290 method=org.eclipse.jdt.internal.core.JavaModelManager.getArchiveValidity(Lorg/eclipse/core/runtime/IPath;)Lorg/eclipse/jdt/internal/core/JavaModelManager$ArchiveValidity; @ 63 c2
Event: 1609.403 Thread 0x00000151110596c0 DEOPT PACKING pc=0x00000150b9eaa290 sp=0x00000004719fdf20
Event: 1609.403 Thread 0x00000151110596c0 DEOPT UNPACKING pc=0x00000150b8463aa2 sp=0x00000004719fde70 mode 2
Event: 1609.407 Thread 0x00000151110596c0 Uncommon trap: trap_request=0xffffff45 fr.pc=0x00000150b912ad80 relative=0x0000000000000680
Event: 1609.407 Thread 0x00000151110596c0 Uncommon trap: reason=unstable_if action=reinterpret pc=0x00000150b912ad80 method=org.eclipse.jdt.internal.core.JavaModelManager.getArchiveValidity(Lorg/eclipse/core/runtime/IPath;)Lorg/eclipse/jdt/internal/core/JavaModelManager$ArchiveValidity; @ 63 c2
Event: 1609.407 Thread 0x00000151110596c0 DEOPT PACKING pc=0x00000150b912ad80 sp=0x00000004719fded0
Event: 1609.407 Thread 0x00000151110596c0 DEOPT UNPACKING pc=0x00000150b8463aa2 sp=0x00000004719fde90 mode 2
Event: 1609.950 Thread 0x00000151110596c0 DEOPT PACKING pc=0x00000150b1cc0bc1 sp=0x00000004719fcbf0
Event: 1609.950 Thread 0x00000151110596c0 DEOPT UNPACKING pc=0x00000150b8464242 sp=0x00000004719fc080 mode 0

Classes loaded (20 events):
Event: 93.317 Loading class java/util/TreeMap$NavigableSubMap done
Event: 93.317 Loading class java/util/TreeMap$AscendingSubMap done
Event: 93.317 Loading class java/util/TreeMap$NavigableSubMap$SubMapKeyIterator
Event: 93.318 Loading class java/util/TreeMap$NavigableSubMap$SubMapIterator
Event: 93.318 Loading class java/util/TreeMap$NavigableSubMap$SubMapIterator done
Event: 93.318 Loading class java/util/TreeMap$NavigableSubMap$SubMapKeyIterator done
Event: 94.948 Loading class com/sun/org/apache/xerces/internal/util/URI
Event: 94.952 Loading class com/sun/org/apache/xerces/internal/util/URI done
Event: 94.973 Loading class org/xml/sax/SAXNotRecognizedException
Event: 94.975 Loading class org/xml/sax/SAXNotRecognizedException done
Event: 94.975 Loading class org/xml/sax/SAXNotSupportedException
Event: 94.975 Loading class org/xml/sax/SAXNotSupportedException done
Event: 94.988 Loading class com/sun/org/apache/xerces/internal/xni/XNIException
Event: 94.992 Loading class com/sun/org/apache/xerces/internal/xni/XNIException done
Event: 94.999 Loading class com/sun/org/apache/xerces/internal/xni/parser/XMLParseException
Event: 94.999 Loading class com/sun/org/apache/xerces/internal/xni/parser/XMLParseException done
Event: 95.215 Loading class java/lang/Throwable$WrappedPrintWriter
Event: 95.216 Loading class java/lang/Throwable$PrintStreamOrWriter
Event: 95.216 Loading class java/lang/Throwable$PrintStreamOrWriter done
Event: 95.216 Loading class java/lang/Throwable$WrappedPrintWriter done

Classes unloaded (7 events):
Event: 18.639 Thread 0x00000150c4852ca0 Unloading class 0x00000150c61a9400 'java/lang/invoke/LambdaForm$MH+0x00000150c61a9400'
Event: 18.639 Thread 0x00000150c4852ca0 Unloading class 0x00000150c61a9000 'java/lang/invoke/LambdaForm$MH+0x00000150c61a9000'
Event: 18.639 Thread 0x00000150c4852ca0 Unloading class 0x00000150c61a8c00 'java/lang/invoke/LambdaForm$MH+0x00000150c61a8c00'
Event: 18.639 Thread 0x00000150c4852ca0 Unloading class 0x00000150c61a8800 'java/lang/invoke/LambdaForm$MH+0x00000150c61a8800'
Event: 18.639 Thread 0x00000150c4852ca0 Unloading class 0x00000150c61a8400 'java/lang/invoke/LambdaForm$BMH+0x00000150c61a8400'
Event: 18.639 Thread 0x00000150c4852ca0 Unloading class 0x00000150c61a8000 'java/lang/invoke/LambdaForm$DMH+0x00000150c61a8000'
Event: 18.639 Thread 0x00000150c4852ca0 Unloading class 0x00000150c61a6c00 'java/lang/invoke/LambdaForm$DMH+0x00000150c61a6c00'

Classes redefined (0 events):
No events

Internal exceptions (20 events):
Event: 115.851 Thread 0x000001511219f2f0 Exception <a 'sun/nio/fs/WindowsException'{0x00000000d5807fa0}> (0x00000000d5807fa0) 
thrown [s\src\hotspot\share\prims\jni.cpp, line 520]
Event: 115.851 Thread 0x000001511219f2f0 Exception <a 'sun/nio/fs/WindowsException'{0x00000000d58085b8}> (0x00000000d58085b8) 
thrown [s\src\hotspot\share\prims\jni.cpp, line 520]
Event: 375.524 Thread 0x000001511219d8b0 Exception <a 'sun/nio/fs/WindowsException'{0x00000000d59aa7d0}> (0x00000000d59aa7d0) 
thrown [s\src\hotspot\share\prims\jni.cpp, line 520]
Event: 375.524 Thread 0x000001511219d8b0 Exception <a 'sun/nio/fs/WindowsException'{0x00000000d59ab348}> (0x00000000d59ab348) 
thrown [s\src\hotspot\share\prims\jni.cpp, line 520]
Event: 375.527 Thread 0x000001511219d8b0 Exception <a 'sun/nio/fs/WindowsException'{0x00000000d59b54b0}> (0x00000000d59b54b0) 
thrown [s\src\hotspot\share\prims\jni.cpp, line 520]
Event: 375.527 Thread 0x000001511219d8b0 Exception <a 'sun/nio/fs/WindowsException'{0x00000000d59b60b0}> (0x00000000d59b60b0) 
thrown [s\src\hotspot\share\prims\jni.cpp, line 520]
Event: 375.528 Thread 0x000001511219d8b0 Exception <a 'sun/nio/fs/WindowsException'{0x00000000d59b91d0}> (0x00000000d59b91d0) 
thrown [s\src\hotspot\share\prims\jni.cpp, line 520]
Event: 375.528 Thread 0x000001511219d8b0 Exception <a 'sun/nio/fs/WindowsException'{0x00000000d59b9db8}> (0x00000000d59b9db8) 
thrown [s\src\hotspot\share\prims\jni.cpp, line 520]
Event: 375.531 Thread 0x000001511219d8b0 Exception <a 'sun/nio/fs/WindowsException'{0x00000000d59c8c78}> (0x00000000d59c8c78) 
thrown [s\src\hotspot\share\prims\jni.cpp, line 520]
Event: 375.531 Thread 0x000001511219d8b0 Exception <a 'sun/nio/fs/WindowsException'{0x00000000d59c9880}> (0x00000000d59c9880) 
thrown [s\src\hotspot\share\prims\jni.cpp, line 520]
Event: 375.532 Thread 0x000001511219d8b0 Exception <a 'sun/nio/fs/WindowsException'{0x00000000d59cc250}> (0x00000000d59cc250) 
thrown [s\src\hotspot\share\prims\jni.cpp, line 520]
Event: 375.532 Thread 0x000001511219d8b0 Exception <a 'sun/nio/fs/WindowsException'{0x00000000d59cce90}> (0x00000000d59cce90) 
thrown [s\src\hotspot\share\prims\jni.cpp, line 520]
Event: 375.533 Thread 0x000001511219d8b0 Exception <a 'sun/nio/fs/WindowsException'{0x00000000d59ced48}> (0x00000000d59ced48) 
thrown [s\src\hotspot\share\prims\jni.cpp, line 520]
Event: 375.533 Thread 0x000001511219d8b0 Exception <a 'sun/nio/fs/WindowsException'{0x00000000d59cf918}> (0x00000000d59cf918) 
thrown [s\src\hotspot\share\prims\jni.cpp, line 520]
Event: 375.534 Thread 0x000001511219d8b0 Exception <a 'sun/nio/fs/WindowsException'{0x00000000d59d3140}> (0x00000000d59d3140) 
thrown [s\src\hotspot\share\prims\jni.cpp, line 520]
Event: 375.534 Thread 0x000001511219d8b0 Exception <a 'sun/nio/fs/WindowsException'{0x00000000d59d3d10}> (0x00000000d59d3d10) 
thrown [s\src\hotspot\share\prims\jni.cpp, line 520]
Event: 375.535 Thread 0x000001511219d8b0 Exception <a 'sun/nio/fs/WindowsException'{0x00000000d59d5948}> (0x00000000d59d5948) 
thrown [s\src\hotspot\share\prims\jni.cpp, line 520]
Event: 375.535 Thread 0x000001511219d8b0 Exception <a 'sun/nio/fs/WindowsException'{0x00000000d59d6768}> (0x00000000d59d6768) 
thrown [s\src\hotspot\share\prims\jni.cpp, line 520]
Event: 375.538 Thread 0x000001511219d8b0 Exception <a 'sun/nio/fs/WindowsException'{0x00000000d59e6890}> (0x00000000d59e6890) 
thrown [s\src\hotspot\share\prims\jni.cpp, line 520]
Event: 375.538 Thread 0x000001511219d8b0 Exception <a 'sun/nio/fs/WindowsException'{0x00000000d59e7478}> (0x00000000d59e7478) 
thrown [s\src\hotspot\share\prims\jni.cpp, line 520]

ZGC Phase Switch (0 events):
No events

VM Operations (20 events):
Event: 2165.019 Executing non-safepoint VM operation: RendezvousGCThreads
Event: 2165.019 Executing non-safepoint VM operation: RendezvousGCThreads done
Event: 2345.527 Executing non-safepoint VM operation: HandshakeAllThreads (HandshakeForDeflation)
Event: 2345.527 Executing non-safepoint VM operation: HandshakeAllThreads (HandshakeForDeflation) done
Event: 2345.527 Executing non-safepoint VM operation: RendezvousGCThreads
Event: 2345.527 Executing non-safepoint VM operation: RendezvousGCThreads done
Event: 2465.814 Executing non-safepoint VM operation: HandshakeAllThreads (HandshakeForDeflation)
Event: 2465.814 Executing non-safepoint VM operation: HandshakeAllThreads (HandshakeForDeflation) done
Event: 2465.815 Executing non-safepoint VM operation: RendezvousGCThreads
Event: 2465.815 Executing non-safepoint VM operation: RendezvousGCThreads done
Event: 2483.893 Executing safepoint VM operation: ParallelGCFailedAllocation (Allocation Failure)
Event: 2484.011 Executing safepoint VM operation: ParallelGCFailedAllocation (Allocation Failure) done
Event: 2826.914 Executing non-safepoint VM operation: HandshakeAllThreads (HandshakeForDeflation)
Event: 2826.914 Executing non-safepoint VM operation: HandshakeAllThreads (HandshakeForDeflation) done
Event: 2826.914 Executing non-safepoint VM operation: RendezvousGCThreads
Event: 2826.914 Executing non-safepoint VM operation: RendezvousGCThreads done
Event: 3007.586 Executing non-safepoint VM operation: HandshakeAllThreads (HandshakeForDeflation)
Event: 3007.586 Executing non-safepoint VM operation: HandshakeAllThreads (HandshakeForDeflation) done
Event: 3007.586 Executing non-safepoint VM operation: RendezvousGCThreads
Event: 3007.586 Executing non-safepoint VM operation: RendezvousGCThreads done

Memory protections (0 events):
No events

Nmethod flushes (20 events):
Event: 84.631 Thread 0x00000150c4852ca0 flushing  nmethod 0x00000150b24f6510
Event: 84.631 Thread 0x00000150c4852ca0 flushing  nmethod 0x00000150b252e890
Event: 84.631 Thread 0x00000150c4852ca0 flushing  nmethod 0x00000150b2567e90
Event: 84.631 Thread 0x00000150c4852ca0 flushing  nmethod 0x00000150b258b310
Event: 84.631 Thread 0x00000150c4852ca0 flushing  nmethod 0x00000150b258b710
Event: 84.631 Thread 0x00000150c4852ca0 flushing  nmethod 0x00000150b2595110
Event: 84.631 Thread 0x00000150c4852ca0 flushing  nmethod 0x00000150b25c3b90
Event: 84.631 Thread 0x00000150c4852ca0 flushing  nmethod 0x00000150b25c6190
Event: 84.631 Thread 0x00000150c4852ca0 flushing  nmethod 0x00000150b25cc410
Event: 84.631 Thread 0x00000150c4852ca0 flushing  nmethod 0x00000150b25cd410
Event: 84.631 Thread 0x00000150c4852ca0 flushing  nmethod 0x00000150b25cda90
Event: 84.631 Thread 0x00000150c4852ca0 flushing  nmethod 0x00000150b25cdf90
Event: 84.631 Thread 0x00000150c4852ca0 flushing  nmethod 0x00000150b25cf890
Event: 84.631 Thread 0x00000150c4852ca0 flushing  nmethod 0x00000150b25d0910
Event: 84.631 Thread 0x00000150c4852ca0 flushing  nmethod 0x00000150b25f6d10
Event: 84.631 Thread 0x00000150c4852ca0 flushing  nmethod 0x00000150b25f8690
Event: 84.631 Thread 0x00000150c4852ca0 flushing  nmethod 0x00000150b25fa610
Event: 84.631 Thread 0x00000150c4852ca0 flushing  nmethod 0x00000150b25fbc90
Event: 84.631 Thread 0x00000150c4852ca0 flushing  nmethod 0x00000150b25fe010
Event: 84.631 Thread 0x00000150c4852ca0 flushing  nmethod 0x00000150b2603110

Events (20 events):
Event: 1606.929 Thread 0x000001510db89b70 Thread exited: 0x000001510db89b70
Event: 1606.988 Thread 0x0000015106c3ee40 Thread added: 0x000001510db8cb20
Event: 1609.333 Thread 0x000001510db8cb20 Thread exited: 0x000001510db8cb20
Event: 1611.627 Thread 0x0000015106c41ca0 Thread added: 0x000001510db8d1f0
Event: 1616.784 Thread 0x000001510db8d1f0 Thread exited: 0x000001510db8d1f0
Event: 1692.238 Thread 0x00000151110596c0 Thread exited: 0x00000151110596c0
Event: 1752.241 Thread 0x0000015111056f60 Thread exited: 0x0000015111056f60
Event: 1771.653 Thread 0x000001510ebc8a00 Thread added: 0x00000151110568d0
Event: 1837.905 Thread 0x00000151110568d0 Thread exited: 0x00000151110568d0
Event: 1909.404 Thread 0x000001510e610700 Thread exited: 0x000001510e610700
Event: 1961.957 Thread 0x000001510ebc8a00 Thread added: 0x00000151110568d0
Event: 2095.922 Thread 0x00000151110568d0 Thread exited: 0x00000151110568d0
Event: 2209.414 Thread 0x000001510e612140 Thread exited: 0x000001510e612140
Event: 2483.878 Thread 0x000001510ebc8a00 Thread added: 0x00000151110596c0
Event: 2509.431 Thread 0x000001510e611ab0 Thread exited: 0x000001510e611ab0
Event: 2554.997 Thread 0x00000151110596c0 Thread exited: 0x00000151110596c0
Event: 2783.703 Thread 0x000001510ebc8a00 Thread added: 0x00000151110568d0
Event: 2809.448 Thread 0x000001510e60f9e0 Thread exited: 0x000001510e60f9e0
Event: 2843.715 Thread 0x00000151110568d0 Thread exited: 0x00000151110568d0
Event: 3035.978 Thread 0x000001510ebc8a00 Thread added: 0x0000015111056240


Dynamic libraries:
0x00007ff7cc8e0000 - 0x00007ff7cc8ee000 	c:\Users\ACER\.vscode\extensions\redhat.java-1.56.0-win32-x64\jre\21.0.12.1-win32-x86_64\bin\java.exe
0x00007ffefd600000 - 0x00007ffefd867000 	C:\WINDOWS\SYSTEM32\ntdll.dll
0x00007ffefc3a0000 - 0x00007ffefc46b000 	C:\WINDOWS\System32\KERNEL32.DLL
0x00007ffefab60000 - 0x00007ffefaf62000 	C:\WINDOWS\System32\KERNELBASE.dll
0x00007ffefaf70000 - 0x00007ffefb0bc000 	C:\WINDOWS\System32\ucrtbase.dll
0x00007ffec5810000 - 0x00007ffec582e000 	c:\Users\ACER\.vscode\extensions\redhat.java-1.56.0-win32-x64\jre\21.0.12.1-win32-x86_64\bin\VCRUNTIME140.dll
0x00007ffec8c70000 - 0x00007ffec8c88000 	c:\Users\ACER\.vscode\extensions\redhat.java-1.56.0-win32-x64\jre\21.0.12.1-win32-x86_64\bin\jli.dll
0x00007ffee2240000 - 0x00007ffee24d0000 	C:\WINDOWS\WinSxS\amd64_microsoft.windows.common-controls_6595b64144ccf1df_6.0.26100.9278_none_3e0d1ba8e3303201\COMCTL32.dll
0x00007ffefcdd0000 - 0x00007ffefcf9f000 	C:\WINDOWS\System32\USER32.dll
0x00007ffefcc10000 - 0x00007ffefccb9000 	C:\WINDOWS\System32\msvcrt.dll
0x00007ffefaa80000 - 0x00007ffefaaa7000 	C:\WINDOWS\System32\win32u.dll
0x00007ffefcda0000 - 0x00007ffefcdcb000 	C:\WINDOWS\System32\GDI32.dll
0x00007ffefa890000 - 0x00007ffefa9b9000 	C:\WINDOWS\System32\gdi32full.dll
0x00007ffefaab0000 - 0x00007ffefab53000 	C:\WINDOWS\System32\msvcp_win.dll
0x00007ffefc310000 - 0x00007ffefc341000 	C:\WINDOWS\System32\IMM32.DLL
0x00007ffef6950000 - 0x00007ffef695c000 	c:\Users\ACER\.vscode\extensions\redhat.java-1.56.0-win32-x64\jre\21.0.12.1-win32-x86_64\bin\vcruntime140_1.dll
0x00007ffe874a0000 - 0x00007ffe8752d000 	c:\Users\ACER\.vscode\extensions\redhat.java-1.56.0-win32-x64\jre\21.0.12.1-win32-x86_64\bin\msvcp140.dll
0x00007ffe49460000 - 0x00007ffe4a202000 	c:\Users\ACER\.vscode\extensions\redhat.java-1.56.0-win32-x64\jre\21.0.12.1-win32-x86_64\bin\server\jvm.dll
0x00007ffefd300000 - 0x00007ffefd3bc000 	C:\WINDOWS\System32\ADVAPI32.dll
0x00007ffefd190000 - 0x00007ffefd239000 	C:\WINDOWS\System32\sechost.dll
0x00007ffefba40000 - 0x00007ffefbb58000 	C:\WINDOWS\System32\RPCRT4.dll
0x00007ffefb320000 - 0x00007ffefb3a0000 	C:\WINDOWS\System32\WS2_32.dll
0x00007ffefa660000 - 0x00007ffefa6be000 	C:\WINDOWS\SYSTEM32\POWRPROF.dll
0x00007ffee2230000 - 0x00007ffee223b000 	C:\WINDOWS\SYSTEM32\VERSION.dll
0x00007ffee3d20000 - 0x00007ffee3d56000 	C:\WINDOWS\SYSTEM32\WINMM.dll
0x00007ffefa640000 - 0x00007ffefa655000 	C:\WINDOWS\SYSTEM32\UMPDC.dll
0x00007ffef94d0000 - 0x00007ffef94eb000 	C:\WINDOWS\SYSTEM32\kernel.appcore.dll
0x00007ffef1d30000 - 0x00007ffef1d3a000 	c:\Users\ACER\.vscode\extensions\redhat.java-1.56.0-win32-x64\jre\21.0.12.1-win32-x86_64\bin\jimage.dll
0x00007ffef7c20000 - 0x00007ffef7e6c000 	C:\WINDOWS\SYSTEM32\DBGHELP.DLL
0x00007ffefb6b0000 - 0x00007ffefba35000 	C:\WINDOWS\System32\combase.dll
0x00007ffefccc0000 - 0x00007ffefcd99000 	C:\WINDOWS\System32\OLEAUT32.dll
0x00007ffeddb40000 - 0x00007ffeddb7b000 	C:\WINDOWS\SYSTEM32\dbgcore.DLL
0x00007ffefb260000 - 0x00007ffefb30c000 	C:\WINDOWS\System32\bcryptPrimitives.dll
0x00007ffeedfe0000 - 0x00007ffeedfef000 	c:\Users\ACER\.vscode\extensions\redhat.java-1.56.0-win32-x64\jre\21.0.12.1-win32-x86_64\bin\instrument.dll
0x00007ffebf260000 - 0x00007ffebf280000 	c:\Users\ACER\.vscode\extensions\redhat.java-1.56.0-win32-x64\jre\21.0.12.1-win32-x86_64\bin\java.dll
0x00007ffefbb70000 - 0x00007ffefc308000 	C:\WINDOWS\System32\SHELL32.dll
0x00007ffef8240000 - 0x00007ffef8aee000 	C:\WINDOWS\SYSTEM32\windows.storage.dll
0x00007ffefd070000 - 0x00007ffefd16b000 	C:\WINDOWS\System32\SHCORE.dll
0x00007ffefd260000 - 0x00007ffefd2c6000 	C:\WINDOWS\System32\shlwapi.dll
0x00007ffefa720000 - 0x00007ffefa749000 	C:\WINDOWS\SYSTEM32\profapi.dll
0x00007ffec2890000 - 0x00007ffec28a8000 	c:\Users\ACER\.vscode\extensions\redhat.java-1.56.0-win32-x64\jre\21.0.12.1-win32-x86_64\bin\zip.dll
0x00007ffeeda90000 - 0x00007ffeedaa0000 	C:\Users\ACER\.vscode\extensions\redhat.java-1.56.0-win32-x64\jre\21.0.12.1-win32-x86_64\bin\net.dll
0x00007ffee8f10000 - 0x00007ffee903a000 	C:\WINDOWS\SYSTEM32\WINHTTP.dll
0x00007ffef9a90000 - 0x00007ffef9afc000 	C:\WINDOWS\system32\mswsock.dll
0x00007ffec2840000 - 0x00007ffec2856000 	C:\Users\ACER\.vscode\extensions\redhat.java-1.56.0-win32-x64\jre\21.0.12.1-win32-x86_64\bin\nio.dll
0x00007ffeea620000 - 0x00007ffeea630000 	c:\Users\ACER\.vscode\extensions\redhat.java-1.56.0-win32-x64\jre\21.0.12.1-win32-x86_64\bin\verify.dll
0x00007ffeb7cf0000 - 0x00007ffeb7d35000 	C:\Users\ACER\AppData\Roaming\Code\User\globalStorage\redhat.java\1.56.0\config_win\org.eclipse.equinox.launcher\org.eclipse.equinox.launcher.win32.win32.x86_64_1.3.100.v20260804-1928\eclipse_11924.dll
0x00007ffefb3b0000 - 0x00007ffefb54a000 	C:\WINDOWS\System32\ole32.dll
0x00007ffef9d80000 - 0x00007ffef9d9b000 	C:\WINDOWS\SYSTEM32\CRYPTSP.dll
0x00007ffef9430000 - 0x00007ffef9469000 	C:\WINDOWS\system32\rsaenh.dll
0x00007ffef9b40000 - 0x00007ffef9b74000 	C:\WINDOWS\SYSTEM32\USERENV.dll
0x00007ffefa6f0000 - 0x00007ffefa71a000 	C:\WINDOWS\SYSTEM32\bcrypt.dll
0x00007ffef9da0000 - 0x00007ffef9dac000 	C:\WINDOWS\SYSTEM32\CRYPTBASE.dll
0x00007ffef8f30000 - 0x00007ffef8f63000 	C:\WINDOWS\SYSTEM32\IPHLPAPI.DLL
0x00007ffefc470000 - 0x00007ffefc47a000 	C:\WINDOWS\System32\NSI.dll
0x00007ffe87820000 - 0x00007ffe87869000 	C:\Users\ACER\AppData\Local\Temp\jna-2003023\jna7819530186189175149.dll
0x00007ffefd5b0000 - 0x00007ffefd5b8000 	C:\WINDOWS\System32\PSAPI.DLL
0x00007ffee9210000 - 0x00007ffee922d000 	C:\WINDOWS\SYSTEM32\dhcpcsvc6.DLL
0x00007ffee9060000 - 0x00007ffee9085000 	C:\WINDOWS\SYSTEM32\dhcpcsvc.DLL
0x00007ffee7bc0000 - 0x00007ffee7bce000 	C:\Users\ACER\.vscode\extensions\redhat.java-1.56.0-win32-x64\jre\21.0.12.1-win32-x86_64\bin\sunmscapi.dll
0x00007ffefb0d0000 - 0x00007ffefb24e000 	C:\WINDOWS\System32\CRYPT32.dll
0x00007ffef9fc0000 - 0x00007ffef9ff0000 	C:\WINDOWS\SYSTEM32\ncrypt.dll
0x00007ffef9f70000 - 0x00007ffef9faf000 	C:\WINDOWS\SYSTEM32\NTASN1.dll
0x00007ffef9010000 - 0x00007ffef9168000 	C:\WINDOWS\SYSTEM32\DNSAPI.dll
0x00007ffef9870000 - 0x00007ffef987d000 	C:\WINDOWS\SYSTEM32\DSPARSE.dll
0x00007ffee7d70000 - 0x00007ffee7d7b000 	C:\Windows\System32\rasadhlp.dll
0x00007ffee94d0000 - 0x00007ffee9556000 	C:\WINDOWS\System32\fwpuclnt.dll
0x00007ffedca60000 - 0x00007ffedca69000 	C:\Users\ACER\.vscode\extensions\redhat.java-1.56.0-win32-x64\jre\21.0.12.1-win32-x86_64\bin\extnet.dll

JVMTI agents:
c:\Users\ACER\.vscode\extensions\redhat.java-1.56.0-win32-x64\lombok\lombok-1.18.39-4050.jar path:c:\Users\ACER\.vscode\extensions\redhat.java-1.56.0-win32-x64\jre\21.0.12.1-win32-x86_64\bin\instrument.dll, loaded, initialized, instrumentlib options:none

dbghelp: loaded successfully - version: 4.0.5 - missing functions: none
symbol engine: initialized successfully - sym options: 0x614 - pdb path: .;c:\Users\ACER\.vscode\extensions\redhat.java-1.56.0-win32-x64\jre\21.0.12.1-win32-x86_64\bin;C:\WINDOWS\SYSTEM32;C:\WINDOWS\WinSxS\amd64_microsoft.windows.common-controls_6595b64144ccf1df_6.0.26100.9278_none_3e0d1ba8e3303201;c:\Users\ACER\.vscode\extensions\redhat.java-1.56.0-win32-x64\jre\21.0.12.1-win32-x86_64\bin\server;C:\Users\ACER\AppData\Roaming\Code\User\globalStorage\redhat.java\1.56.0\config_win\org.eclipse.equinox.launcher\org.eclipse.equinox.launcher.win32.win32.x86_64_1.3.100.v20260804-1928;C:\Users\ACER\AppData\Local\Temp\jna-2003023

VM Arguments:
jvm_args: --add-modules=ALL-SYSTEM --add-opens=java.base/java.util=ALL-UNNAMED --add-opens=java.base/java.lang=ALL-UNNAMED --add-opens=java.base/sun.nio.fs=ALL-UNNAMED -Declipse.application=org.eclipse.jdt.ls.core.id1 -Dosgi.bundles.defaultStartLevel=4 -Declipse.product=org.eclipse.jdt.ls.core.product -Djava.import.generatesMetadataFilesAtProjectRoot=false -Dm2e.project.cache.size=50 -DDetectVMInstallationsJob.disabled=true -Dfile.encoding=utf8 -XX:+UseParallelGC -XX:GCTimeRatio=4 -XX:AdaptiveSizePolicyWeight=90 -Dsun.zip.disableMemoryMapping=true -Xmx2G -Xms100m -Xlog:disable -javaagent:c:\Users\ACER\.vscode\extensions\redhat.java-1.56.0-win32-x64\lombok\lombok-1.18.39-4050.jar -XX:+HeapDumpOnOutOfMemoryError -XX:HeapDumpPath=c:\Users\ACER\AppData\Roaming\Code\User\workspaceStorage\5d3f1c90388e85848945cc55d4c4b827\redhat.java -Daether.dependencyCollector.impl=bf 
java_command: c:\Users\ACER\.vscode\extensions\redhat.java-1.56.0-win32-x64\server\plugins\org.eclipse.equinox.launcher_1.8.0.v20260804-1928.jar -configuration c:\Users\ACER\AppData\Roaming\Code\User\globalStorage\redhat.java\1.56.0\config_win -data c:\Users\ACER\AppData\Roaming\Code\User\workspaceStorage\5d3f1c90388e85848945cc55d4c4b827\redhat.java\jdt_ws --pipe=\\.\pipe\lsp-bcda39cf16a9c5726c83097df39657f4-sock
java_class_path (initial): c:\Users\ACER\.vscode\extensions\redhat.java-1.56.0-win32-x64\server\plugins\org.eclipse.equinox.launcher_1.8.0.v20260804-1928.jar
Launcher Type: SUN_STANDARD

[Global flags]
    uintx AdaptiveSizePolicyWeight                 = 90                                        {product} {command line}
     intx CICompilerCount                          = 12                                        {product} {ergonomic}
    uintx GCTimeRatio                              = 4                                         {product} {command line}
     bool HeapDumpOnOutOfMemoryError               = true                                   {manageable} {command line}
    ccstr HeapDumpPath                             = c:\Users\ACER\AppData\Roaming\Code\User\workspaceStorage\5d3f1c90388e85848945cc55d4c4b827\redhat.java         {manageable} {command line}
   size_t InitialHeapSize                          = 104857600                                 {product} {command line}
   size_t MaxHeapSize                              = 2147483648                                {product} {command line}
   size_t MaxNewSize                               = 715653120                                 {product} {ergonomic}
   size_t MinHeapDeltaBytes                        = 524288                                    {product} {ergonomic}
   size_t MinHeapSize                              = 104857600                                 {product} {command line}
   size_t NewSize                                  = 34603008                                  {product} {ergonomic}
    uintx NonNMethodCodeHeapSize                   = 7602480                                {pd product} {ergonomic}
    uintx NonProfiledCodeHeapSize                  = 122027880                              {pd product} {ergonomic}
   size_t OldSize                                  = 70254592                                  {product} {ergonomic}
    uintx ProfiledCodeHeapSize                     = 122027880                              {pd product} {ergonomic}
    uintx ReservedCodeCacheSize                    = 251658240                              {pd product} {ergonomic}
     bool SegmentedCodeCache                       = true                                      {product} {ergonomic}
   size_t SoftMaxHeapSize                          = 2147483648                             {manageable} {ergonomic}
     bool UseCompressedOops                        = true                           {product lp64_product} {ergonomic}
     bool UseLargePagesIndividualAllocation        = false                                  {pd product} {ergonomic}
     bool UseParallelGC                            = true                                      {product} {command line}

Logging:
Log output configuration:
 #0: stdout all=off uptime,level,tags foldmultilines=false
 #1: stderr all=off uptime,level,tags foldmultilines=false

Release file:
JAVA_VERSION="21.0.12.1" 
MODULES="java.base java.compiler java.datatransfer java.xml java.prefs java.desktop java.instrument java.logging java.management java.security.sasl java.naming java.rmi java.management.rmi java.net.http java.scripting java.security.jgss java.transaction.xa java.sql java.sql.rowset java.xml.crypto java.se java.smartcardio jdk.accessibility jdk.internal.jvmstat jdk.attach jdk.charsets jdk.internal.opt jdk.zipfs jdk.compiler jdk.crypto.ec jdk.crypto.cryptoki jdk.crypto.mscapi jdk.dynalink jdk.internal.ed jdk.editpad jdk.hotspot.agent jdk.httpserver jdk.internal.le jdk.internal.vm.ci jdk.internal.vm.compiler jdk.internal.vm.compiler.management jdk.jartool jdk.javadoc jdk.jcmd jdk.management jdk.management.agent jdk.jconsole jdk.jdeps jdk.jdwp.agent jdk.jdi jdk.jfr jdk.jshell jdk.jsobject jdk.jstatd jdk.localedata jdk.management.jfr jdk.naming.dns jdk.naming.rmi jdk.net jdk.nio.mapmode jdk.random jdk.sctp jdk.security.auth jdk.security.jgss jdk.unsupported jdk.unsupported.desktop jdk.xml.dom" 

Environment Variables:
JAVA_HOME=C:\Program Files\Microsoft\jdk-17.0.19.10-hotspot\
PATH=C:\Program Files\Microsoft\jdk-17.0.19.10-hotspot\bin;C:\Program Files\Java\jdk-21\bin;C:\Python314\Scripts\;C:\Python314\;C:\Program Files\Common Files\Oracle\Java\javapath;C:\Program Files (x86)\Common Files\Oracle\Java\javapath;C:\WINDOWS\system32;C:\WINDOWS;C:\WINDOWS\System32\Wbem;C:\WINDOWS\System32\WindowsPowerShell\v1.0\;C:\WINDOWS\System32\OpenSSH\;C:\Program Files\Microsoft SQL Server\Client SDK\ODBC\110\Tools\Binn\;C:\Program Files (x86)\Microsoft SQL Server\120\Tools\Binn\;C:\Program Files\Microsoft SQL Server\120\Tools\Binn\;C:\Program Files\Microsoft SQL Server\120\DTS\Binn\;C:\Program Files (x86)\Microsoft SQL Server\120\Tools\Binn\ManagementStudio\;C:\Program Files (x86)\Microsoft SQL Server\120\DTS\Binn\;C:\Program Files (x86)\Microsoft SQL Server\160\Tools\Binn\;C:\Program Files\Microsoft SQL Server\160\Tools\Binn\;C:\Program Files\Microsoft SQL Server\Client SDK\ODBC\170\Tools\Binn\;C:\Program Files\Microsoft SQL Server\160\DTS\Binn\;C:\ProgramData\chocolatey\bin;C:\Program Files\Microsoft\jdk-17.0.19.10-hotspot\\bin;C:\Program Files\dotnet\;C:\Program Files\Git\cmd;D:\xampp\php;D:\Composer;D:\nodejs\;C:\Users\ACER\AppData\Local\Android\Sdk\platform-tools;C:\Users\Sang\AppData\Local\Android\Sdk\emulator;D:\Graphviz\bin;D:\User\Program Files\Apache\maven\apache-maven-3.9.16\bin;C:\Users\ACER\.config\herd-lite\bin;C:\Program Files\MySQL\MySQL Shell 8.0\bin\;C:\Users\ACER\AppData\Local\Programs\Python\Python313\Scripts\;C:\Users\ACER\AppData\Local\Programs\Python\Python313\;C:\Users\ACER\AppData\Local\Programs\Python\Launcher\;C:\Users\ACER\AppData\Local\Microsoft\WindowsApps;C:\Users\ACER\AppData\Local\Programs\Microsoft VS Code\bin;C:\Users\ACER\.dotnet\tools;C:\Program Files\JetBrains\IntelliJ IDEA 2025.3\bin;C:\Users\ACER\AppData\Roaming\Composer\vendor\bin;D:\User\Program Files\Antigravity\bin;D:\User\Program Files\Kiro\bin;C:\Users\ACER\AppData\Roaming\npm;C:\Users\ACER\AppData\Local\Android\Sdk\platform-tools;C:\Users\ACER\AppData\Local\Android\Sdk\emulator;C:\Users\ACER\AppData\Local\Android\Sdk\tools;C:\Users\ACER\AppData\Local\Android\Sdk\tools\bin;;C:\Users\ACER\AppData\Local\Programs\DockerDesktop\resources\bin
USERNAME=ACER
OS=Windows_NT
PROCESSOR_IDENTIFIER=Intel64 Family 6 Model 154 Stepping 3, GenuineIntel
TMP=C:\Users\ACER\AppData\Local\Temp
TEMP=C:\Users\ACER\AppData\Local\Temp




Periodic native trim disabled

---------------  S Y S T E M  ---------------

OS:
 Windows 11 , 64 bit Build 26100 (10.0.26100.9444)
OS uptime: 0 days 2:36 hours
Hyper-V role detected

CPU: total 16 (initial active 16) (8 cores per cpu, 2 threads per core) family 6 model 154 stepping 3 microcode 0x42a, cx8, cmov, fxsr, ht, mmx, 3dnowpref, sse, sse2, sse3, ssse3, sse4.1, sse4.2, popcnt, lzcnt, tsc, tscinvbit, avx, avx2, aes, erms, clmul, bmi1, bmi2, adx, sha, fma, vzeroupper, clflush, clflushopt, clwb, hv, serialize, rdtscp, rdpid, fsrm, f16c, cet_ibt, cet_ss
Processor Information for processor 0
  Max Mhz: 2300, Current Mhz: 2300, Mhz Limit: 2300
Processor Information for processor 1
  Max Mhz: 2300, Current Mhz: 2300, Mhz Limit: 2300
Processor Information for processor 2
  Max Mhz: 2300, Current Mhz: 2300, Mhz Limit: 2300
Processor Information for processor 3
  Max Mhz: 2300, Current Mhz: 2300, Mhz Limit: 2300
Processor Information for processor 4
  Max Mhz: 2300, Current Mhz: 2300, Mhz Limit: 2300
Processor Information for processor 5
  Max Mhz: 2300, Current Mhz: 2300, Mhz Limit: 2300
Processor Information for processor 6
  Max Mhz: 2300, Current Mhz: 2300, Mhz Limit: 2300
Processor Information for processor 7
  Max Mhz: 2300, Current Mhz: 2300, Mhz Limit: 2300
Processor Information for processor 8
  Max Mhz: 2300, Current Mhz: 2300, Mhz Limit: 2300
Processor Information for processor 9
  Max Mhz: 2300, Current Mhz: 2300, Mhz Limit: 2300
Processor Information for processor 10
  Max Mhz: 2300, Current Mhz: 2300, Mhz Limit: 2300
Processor Information for processor 11
  Max Mhz: 2300, Current Mhz: 2300, Mhz Limit: 2300
Processor Information for processor 12
  Max Mhz: 2300, Current Mhz: 1700, Mhz Limit: 1679
Processor Information for processor 13
  Max Mhz: 2300, Current Mhz: 1700, Mhz Limit: 1679
Processor Information for processor 14
  Max Mhz: 2300, Current Mhz: 1700, Mhz Limit: 1679
Processor Information for processor 15
  Max Mhz: 2300, Current Mhz: 1700, Mhz Limit: 1679

Memory: 4k page, system-wide physical 16088M (289M free)
TotalPageFile size 30788M (AvailPageFile size 34M)
current process WorkingSet (physical memory assigned to process): 31M, peak: 909M
current process commit charge ("private bytes"): 1023M, peak: 1028M

vm_info: OpenJDK 64-Bit Server VM (21.0.12.1+1-LTS) for windows-amd64 JRE (21.0.12.1+1-LTS), built on 2026-08-18T00:00:00Z by "admin" with MS VC++ 17.12 (VS2022)

END.
